*** Using Compiler 'V5.06 update 5 (build 528)', folder: 'C:\keil5\ARM\ARMCC\Bin'
Rebuild target 'test16'
assembling startup_stm32f103xb.s...
compiling pid.c...
compiling filter.c...
compiling tim.c...
compiling stm32f1xx_hal_msp.c...
compiling usart.c...
compiling motor.c...
compiling freertos.c...
compiling gpio.c...
compiling app.c...
compiling key.c...
compiling main.c...
compiling led.c...
compiling stm32f1xx_hal_gpio_ex.c...
compiling encoder.c...
compiling buzzer.c...
compiling stm32f1xx_hal.c...
compiling stm32f1xx_it.c...
compiling speed.c...
compiling car_fsm.c...
compiling odom.c...
compiling line_sensor.c...
compiling imu.c...
compiling line_follow.c...
compiling telemetry.c...
compiling stm32f1xx_hal_rcc.c...
compiling croutine.c...
compiling event_groups.c...
compiling list.c...
compiling heap_4.c...
compiling stm32f1xx_hal_i2c.c...
compiling timers.c...
compiling stream_buffer.c...
compiling queue.c...
compiling port.c...
compiling tasks.c...
compiling stm32f1xx_hal_gpio.c...
compiling stm32f1xx_hal_cortex.c...
compiling stm32f1xx_hal_rcc_ex.c...
compiling stm32f1xx_hal_dma.c...
compiling stm32f1xx_hal_pwr.c...
compiling stm32f1xx_hal_flash.c...
compiling stm32f1xx_hal_flash_ex.c...
compiling stm32f1xx_hal_exti.c...
compiling i2c.c...
compiling system_stm32f1xx.c...
compiling stm32f1xx_hal_tim_ex.c...
compiling stm32f1xx_hal_uart.c...
compiling cmsis_os2.c...
compiling stm32f1xx_hal_tim.c...
linking...
Program Size: Code=26744 RO-data=1012 RW-data=500 ZI-data=14180
FromELF: creating hex file...
"test16\test16.axf" - 0 Error(s), 0 Warning(s).
Build Time Elapsed:  00:00:03
